Archive member included to satisfy reference by file (symbol)

c:/program files (x86)/atmel/studio/7.0/toolchain/arm/arm-gnu-toolchain/bin/../lib/gcc/arm-none-eabi/6.3.1/thumb/v7-m\libgcc.a(_arm_addsubdf3.o)
                              motor.o (__aeabi_dsub)
c:/program files (x86)/atmel/studio/7.0/toolchain/arm/arm-gnu-toolchain/bin/../lib/gcc/arm-none-eabi/6.3.1/thumb/v7-m\libgcc.a(_arm_muldivdf3.o)
                              motor.o (__aeabi_dmul)
c:/program files (x86)/atmel/studio/7.0/toolchain/arm/arm-gnu-toolchain/bin/../lib/gcc/arm-none-eabi/6.3.1/thumb/v7-m\libgcc.a(_arm_truncdfsf2.o)
                              motor.o (__aeabi_d2f)
c:/program files (x86)/atmel/studio/7.0/toolchain/arm/arm-gnu-toolchain/bin/../lib/gcc/arm-none-eabi/6.3.1/thumb/v7-m\libgcc.a(_arm_addsubsf3.o)
                              motor.o (__aeabi_fsub)
c:/program files (x86)/atmel/studio/7.0/toolchain/arm/arm-gnu-toolchain/bin/../lib/gcc/arm-none-eabi/6.3.1/thumb/v7-m\libgcc.a(_arm_muldivsf3.o)
                              motor.o (__aeabi_fmul)
c:/program files (x86)/atmel/studio/7.0/toolchain/arm/arm-gnu-toolchain/bin/../lib/gcc/arm-none-eabi/6.3.1/thumb/v7-m\libgcc.a(_arm_cmpsf2.o)
                              motor.o (__aeabi_fcmplt)
c:/program files (x86)/atmel/studio/7.0/toolchain/arm/arm-gnu-toolchain/bin/../lib/gcc/arm-none-eabi/6.3.1/thumb/v7-m\libgcc.a(_arm_fixsfsi.o)
                              motor.o (__aeabi_f2iz)
c:/program files (x86)/atmel/studio/7.0/toolchain/arm/arm-gnu-toolchain/bin/../lib/gcc/arm-none-eabi/6.3.1/thumb/v7-m\libgcc.a(_arm_fixunssfsi.o)
                              motor.o (__aeabi_f2uiz)
c:/program files (x86)/atmel/studio/7.0/toolchain/arm/arm-gnu-toolchain/bin/../lib/gcc/arm-none-eabi/6.3.1/../../../../arm-none-eabi/lib/thumb/v7-m\libc.a(lib_a-exit.o)
                              c:/program files (x86)/atmel/studio/7.0/toolchain/arm/arm-gnu-toolchain/bin/../lib/gcc/arm-none-eabi/6.3.1/../../../../arm-none-eabi/lib/thumb/v7-m/crt0.o (exit)
c:/program files (x86)/atmel/studio/7.0/toolchain/arm/arm-gnu-toolchain/bin/../lib/gcc/arm-none-eabi/6.3.1/../../../../arm-none-eabi/lib/thumb/v7-m\libc.a(lib_a-impure.o)
                              c:/program files (x86)/atmel/studio/7.0/toolchain/arm/arm-gnu-toolchain/bin/../lib/gcc/arm-none-eabi/6.3.1/../../../../arm-none-eabi/lib/thumb/v7-m\libc.a(lib_a-exit.o) (_global_impure_ptr)
c:/program files (x86)/atmel/studio/7.0/toolchain/arm/arm-gnu-toolchain/bin/../lib/gcc/arm-none-eabi/6.3.1/../../../../arm-none-eabi/lib/thumb/v7-m\libc.a(lib_a-init.o)
                              c:/program files (x86)/atmel/studio/7.0/toolchain/arm/arm-gnu-toolchain/bin/../lib/gcc/arm-none-eabi/6.3.1/../../../../arm-none-eabi/lib/thumb/v7-m/crt0.o (__libc_init_array)
c:/program files (x86)/atmel/studio/7.0/toolchain/arm/arm-gnu-toolchain/bin/../lib/gcc/arm-none-eabi/6.3.1/../../../../arm-none-eabi/lib/thumb/v7-m\libc.a(lib_a-memset.o)
                              c:/program files (x86)/atmel/studio/7.0/toolchain/arm/arm-gnu-toolchain/bin/../lib/gcc/arm-none-eabi/6.3.1/../../../../arm-none-eabi/lib/thumb/v7-m/crt0.o (memset)
c:/program files (x86)/atmel/studio/7.0/toolchain/arm/arm-gnu-toolchain/bin/../lib/gcc/arm-none-eabi/6.3.1/../../../../arm-none-eabi/lib/thumb/v7-m\libc.a(lib_a-__call_atexit.o)
                              c:/program files (x86)/atmel/studio/7.0/toolchain/arm/arm-gnu-toolchain/bin/../lib/gcc/arm-none-eabi/6.3.1/../../../../arm-none-eabi/lib/thumb/v7-m\libc.a(lib_a-exit.o) (__call_exitprocs)
c:/program files (x86)/atmel/studio/7.0/toolchain/arm/arm-gnu-toolchain/bin/../lib/gcc/arm-none-eabi/6.3.1/../../../../arm-none-eabi/lib/thumb/v7-m\libc.a(lib_a-atexit.o)
                              c:/program files (x86)/atmel/studio/7.0/toolchain/arm/arm-gnu-toolchain/bin/../lib/gcc/arm-none-eabi/6.3.1/../../../../arm-none-eabi/lib/thumb/v7-m\libc.a(lib_a-__call_atexit.o) (atexit)
c:/program files (x86)/atmel/studio/7.0/toolchain/arm/arm-gnu-toolchain/bin/../lib/gcc/arm-none-eabi/6.3.1/../../../../arm-none-eabi/lib/thumb/v7-m\libc.a(lib_a-fini.o)
                              c:/program files (x86)/atmel/studio/7.0/toolchain/arm/arm-gnu-toolchain/bin/../lib/gcc/arm-none-eabi/6.3.1/../../../../arm-none-eabi/lib/thumb/v7-m\libc.a(lib_a-__call_atexit.o) (__libc_fini_array)
c:/program files (x86)/atmel/studio/7.0/toolchain/arm/arm-gnu-toolchain/bin/../lib/gcc/arm-none-eabi/6.3.1/../../../../arm-none-eabi/lib/thumb/v7-m\libc.a(lib_a-lock.o)
                              c:/program files (x86)/atmel/studio/7.0/toolchain/arm/arm-gnu-toolchain/bin/../lib/gcc/arm-none-eabi/6.3.1/../../../../arm-none-eabi/lib/thumb/v7-m\libc.a(lib_a-__call_atexit.o) (__retarget_lock_acquire_recursive)
c:/program files (x86)/atmel/studio/7.0/toolchain/arm/arm-gnu-toolchain/bin/../lib/gcc/arm-none-eabi/6.3.1/../../../../arm-none-eabi/lib/thumb/v7-m\libc.a(lib_a-__atexit.o)
[...]
Memory Configuration

Name             Origin             Length             Attributes
rom              0x00080000         0x00080000         xr
ram              0x20000000         0x00018000         xrw
*default*        0x00000000         0xffffffff

Linker script and memory map

LOAD c:/program files (x86)/atmel/studio/7.0/toolchain/arm/arm-gnu-toolchain/bin/../lib/gcc/arm-none-eabi/6.3.1/thumb/v7-m/crti.o
LOAD c:/program files (x86)/atmel/studio/7.0/toolchain/arm/arm-gnu-toolchain/bin/../lib/gcc/arm-none-eabi/6.3.1/thumb/v7-m/crtbegin.o
LOAD c:/program files (x86)/atmel/studio/7.0/toolchain/arm/arm-gnu-toolchain/bin/../lib/gcc/arm-none-eabi/6.3.1/../../../../arm-none-eabi/lib/thumb/v7-m/crt0.o
LOAD adc.o
LOAD can_controller.o
LOAD can_interrupt.o
LOAD dac.o
LOAD delay.o
LOAD Device_Startup/startup_sam3xa.o
LOAD Device_Startup/system_sam3xa.o
LOAD main.o
LOAD motor.o
LOAD printf-stdarg.o
LOAD pwm.o
LOAD uart.o
START GROUP
LOAD c:/program files (x86)/atmel/studio/7.0/toolchain/arm/arm-gnu-toolchain/bin/../lib/gcc/arm-none-eabi/6.3.1/../../../../arm-none-eabi/lib/thumb/v7-m\libm.a
END GROUP
START GROUP
LOAD c:/program files (x86)/atmel/studio/7.0/toolchain/arm/arm-gnu-toolchain/bin/../lib/gcc/arm-none-eabi/6.3.1/thumb/v7-m\libgcc.a
LOAD c:/program files (x86)/atmel/studio/7.0/toolchain/arm/arm-gnu-toolchain/bin/../lib/gcc/arm-none-eabi/6.3.1/../../../../arm-none-eabi/lib/thumb/v7-m\libc.a
END GROUP
LOAD c:/program files (x86)/atmel/studio/7.0/toolchain/arm/arm-gnu-toolchain/bin/../lib/gcc/arm-none-eabi/6.3.1/thumb/v7-m/crtend.o
LOAD c:/program files (x86)/atmel/studio/7.0/toolchain/arm/arm-gnu-toolchain/bin/../lib/gcc/arm-none-eabi/6.3.1/thumb/v7-m/crtn.o
                0x00000400                STACK_SIZE = DEFINED (STACK_SIZE)?STACK_SIZE:0x400
                0x00000200                HEAP_SIZE = DEFINED (HEAP_SIZE)?HEAP_SIZE:0x200

.text           0x00080000     0x1fdc
                0x00080000                . = ALIGN (0x4)
                0x00080000                _sfixed = .
 *(.vectors .vectors.*)
 .vectors       0x00080000       0xf4 Device_Startup/startup_sam3xa.o
                0x00080000                exception_table
 *(.text .text.* .gnu.linkonce.t.*)
 .text          0x000800f4       0x6c c:/program files (x86)/atmel/studio/7.0/toolchain/arm/arm-gnu-toolchain/bin/../lib/gcc/arm-none-eabi/6.3.1/thumb/v7-m/crtbegin.o
 .text.adc_init
                0x00080160       0x58 adc.o
                0x00080160                adc_init
 .text.adc_receive
                0x000801b8        0xc adc.o
                0x000801b8                adc_receive
 .text.can_init
                0x000801c4       0xe4 can_controller.o
                0x000801c4                can_init
 .text.can_init_def_tx_rx_mb
                0x000802a8       0x10 can_controller.o
                0x000802a8                can_init_def_tx_rx_mb
 .text.can_send
                0x000802b8       0x8c can_controller.o
                0x000802b8                can_send
 .text.can_receive
                0x00080344       0x84 can_controller.o
                0x00080344                can_receive
 .text.CAN0_Handler
                0x000803c8       0xc4 can_interrupt.o
                0x000803c8                CAN0_Handler
 .text.dac_write_uint_voltage
                0x0008048c        0xc dac.o
                0x0008048c                dac_write_uint_voltage
 .text.dac_init
                0x00080498       0x48 dac.o
                0x00080498                dac_init
 .text.delay_ms
                0x000804e0       0x38 delay.o
                0x000804e0                delay_ms
 .text.delay_us
                0x00080518       0x34 delay.o
                0x00080518                delay_us
 .text.Dummy_Handler
                0x0008054c        0x2 Device_Startup/startup_sam3xa.o
                0x0008054c                DACC_Handler
                0x0008054c                DebugMon_Handler
                0x0008054c                DMAC_Handler
                0x0008054c                TRNG_Handler
                0x0008054c                HardFault_Handler
                0x0008054c                TC2_Handler
                0x0008054c                SysTick_Handler
                0x0008054c                USART3_Handler
                0x0008054c                TWI1_Handler
                0x0008054c                PendSV_Handler
                0x0008054c                NMI_Handler
                0x0008054c                TC7_Handler
                0x0008054c                ADC_Handler
                0x0008054c                SMC_Handler
                0x0008054c                USART0_Handler
                0x0008054c                RTT_Handler
                0x0008054c                EFC1_Handler
                0x0008054c                PIOB_Handler
                0x0008054c                RTC_Handler
                0x0008054c                UsageFault_Handler
                0x0008054c                TC6_Handler
                0x0008054c                WDT_Handler
                0x0008054c                TC4_Handler
                0x0008054c                TC1_Handler
                0x0008054c                HSMCI_Handler
                0x0008054c                TC3_Handler
                0x0008054c                Dummy_Handler
                0x0008054c                TWI0_Handler
                0x0008054c                USART1_Handler
                0x0008054c                PIOA_Handler
                0x0008054c                SSC_Handler
                0x0008054c                EFC0_Handler
                0x0008054c                PMC_Handler
                0x0008054c                PWM_Handler
                0x0008054c                CAN1_Handler
                0x0008054c                MemManage_Handler
                0x0008054c                SUPC_Handler
                0x0008054c                SVC_Handler
                0x0008054c                TC8_Handler
                0x0008054c                USART2_Handler
                0x0008054c                PIOD_Handler
                0x0008054c                EMAC_Handler
                0x0008054c                PIOC_Handler
                0x0008054c                BusFault_Handler
                0x0008054c                RSTC_Handler
                0x0008054c                TC0_Handler
                0x0008054c                TC5_Handler
                0x0008054c                UOTGHS_Handler
                0x0008054c                SPI0_Handler
 *fill*         0x0008054e        0x2 
 .text.Reset_Handler
                0x00080550       0x6c Device_Startup/startup_sam3xa.o
                0x00080550                Reset_Handler
 .text.SystemInit
                0x000805bc       0xa4 Device_Startup/system_sam3xa.o
                0x000805bc                SystemInit
 .text.main     0x00080660      0x118 main.o
                0x00080660                main
 .text.motor_init
                0x00080778       0x70 motor.o
                0x00080778                motor_init
 .text.read_encoder
                0x000807e8       0x68 motor.o
                0x000807e8                read_encoder
 .text.dac_write_speed
                0x00080850      0x18c motor.o
                0x00080850                dac_write_speed
 .text.enable_motor
                0x000809dc       0x14 motor.o
                0x000809dc                enable_motor
 .text.disable_motor
                0x000809f0       0x14 motor.o
                0x000809f0                disable_motor
 .text.shoot    0x00080a04       0x24 motor.o
                0x00080a04                shoot
 .text.printchar
                0x00080a28       0x10 printf-stdarg.o
 .text.prints   0x00080a38       0x84 printf-stdarg.o
 .text.printi   0x00080abc       0xac printf-stdarg.o
 .text.print    0x00080b68      0x150 printf-stdarg.o
 .text.printf   0x00080cb8       0x24 printf-stdarg.o
                0x00080cb8                printf
 *fill*         0x00080cdc        0x4 
 .text.pos_to_duty
                0x00080ce0       0x58 pwm.o
                0x00080ce0                pos_to_duty
 .text.set_servo_duty
                0x00080d38       0x58 pwm.o
                0x00080d38                set_servo_duty
 .text.pwm_init
                0x00080d90       0xb0 pwm.o
                0x00080d90                pwm_init
 .text.configure_uart
                0x00080e40       0x68 uart.o
                0x00080e40                configure_uart
 .text.uart_putchar
                0x00080ea8       0x24 uart.o
                0x00080ea8                uart_putchar
 .text.UART_Handler
                0x00080ecc       0x68 uart.o
                0x00080ecc                UART_Handler
 .text          0x00080f34      0x370 c:/program files (x86)/atmel/studio/7.0/toolchain/arm/arm-gnu-toolchain/bin/../lib/gcc/arm-none-eabi/6.3.1/thumb/v7-m\libgcc.a(_arm_addsubdf3.o)
                0x00080f34                __aeabi_drsub
                0x00080f3c                __aeabi_dsub
                0x00080f3c                __subdf3
                0x00080f40                __aeabi_dadd
                0x00080f40                __adddf3
                0x000811b8                __floatunsidf
                0x000811b8                __aeabi_ui2d
                0x000811d8                __floatsidf
                0x000811d8                __aeabi_i2d
                0x000811fc                __aeabi_f2d
                0x000811fc                __extendsfdf2
                0x00081238                __floatundidf
                0x00081238                __aeabi_ul2d
                0x00081248                __floatdidf
                0x00081248                __aeabi_l2d
 .text          0x000812a4      0x424 c:/program files (x86)/atmel/studio/7.0/toolchain/arm/arm-gnu-toolchain/bin/../lib/gcc/arm-none-eabi/6.3.1/thumb/v7-m\libgcc.a(_arm_muldivdf3.o)
                0x000812a4                __aeabi_dmul
                0x000812a4                __muldf3
                0x000814f8                __divdf3
                0x000814f8                __aeabi_ddiv
 .text          0x000816c8       0xa0 c:/program files (x86)/atmel/studio/7.0/toolchain/arm/arm-gnu-toolchain/bin/../lib/gcc/arm-none-eabi/6.3.1/thumb/v7-m\libgcc.a(_arm_truncdfsf2.o)
                0x000816c8                __truncdfsf2
                0x000816c8                __aeabi_d2f
 .text          0x00081768      0x21c c:/program files (x86)/atmel/studio/7.0/toolchain/arm/arm-gnu-toolchain/bin/../lib/gcc/arm-none-eabi/6.3.1/thumb/v7-m\libgcc.a(_arm_addsubsf3.o)
                0x00081768                __aeabi_frsub
                0x00081770                __subsf3
                0x00081770                __aeabi_fsub
                0x00081774                __aeabi_fadd
                0x00081774                __addsf3
                0x000818d4                __aeabi_ui2f
                0x000818d4                __floatunsisf
                0x000818dc                __aeabi_i2f
                0x000818dc                __floatsisf
                0x000818f8                __aeabi_ul2f
                0x000818f8                __floatundisf
                0x00081908                __aeabi_l2f
                0x00081908                __floatdisf
 .text          0x00081984      0x2a0 c:/program files (x86)/atmel/studio/7.0/toolchain/arm/arm-gnu-toolchain/bin/../lib/gcc/arm-none-eabi/6.3.1/thumb/v7-m\libgcc.a(_arm_muldivsf3.o)
                0x00081984                __mulsf3
                0x00081984                __aeabi_fmul
                0x00081aec                __aeabi_fdiv
                0x00081aec                __divsf3
 .text          0x00081c24       0xec c:/program files (x86)/atmel/studio/7.0/toolchain/arm/arm-gnu-toolchain/bin/../lib/gcc/arm-none-eabi/6.3.1/thumb/v7-m\libgcc.a(_arm_cmpsf2.o)
                0x00081c24                __gesf2
                0x00081c24                __gtsf2
                0x00081c2c                __lesf2
                0x00081c2c                __ltsf2
                0x00081c34                __nesf2
                0x00081c34                __eqsf2
                0x00081c34                __cmpsf2
                0x00081c94                __aeabi_cfrcmple
                0x00081c9c                __aeabi_cfcmpeq
                0x00081c9c                __aeabi_cfcmple
                0x00081cac                __aeabi_fcmpeq
                0x00081cc0                __aeabi_fcmplt
                0x00081cd4                __aeabi_fcmple
                0x00081ce8                __aeabi_fcmpge
                0x00081cfc                __aeabi_fcmpgt
 .text          0x00081d10       0x4c c:/program files (x86)/atmel/studio/7.0/toolchain/arm/arm-gnu-toolchain/bin/../lib/gcc/arm-none-eabi/6.3.1/thumb/v7-m\libgcc.a(_arm_fixsfsi.o)
                0x00081d10                __aeabi_f2iz
                0x00081d10                __fixsfsi
 .text          0x00081d5c       0x40 c:/program files (x86)/atmel/studio/7.0/toolchain/arm/arm-gnu-toolchain/bin/../lib/gcc/arm-none-eabi/6.3.1/thumb/v7-m\libgcc.a(_arm_fixunssfsi.o)
                0x00081d5c                __fixunssfsi
                0x00081d5c                __aeabi_f2uiz
 .text.__libc_init_array
                0x00081d9c       0x50 c:/program files (x86)/atmel/studio/7.0/toolchain/arm/arm-gnu-toolchain/bin/../lib/gcc/arm-none-eabi/6.3.1/../../../../arm-none-eabi/lib/thumb/v7-m\libc.a(lib_a-init.o)
                0x00081d9c                __libc_init_array
 .text.startup.register_fini
                0x00081dec       0x14 c:/program files (x86)/atmel/studio/7.0/toolchain/arm/arm-gnu-toolchain/bin/../lib/gcc/arm-none-eabi/6.3.1/../../../../arm-none-eabi/lib/thumb/v7-m\libc.a(lib_a-__call_atexit.o)
 .text.atexit   0x00081e00        0xc c:/program files (x86)/atmel/studio/7.0/toolchain/arm/arm-gnu-toolchain/bin/../lib/gcc/arm-none-eabi/6.3.1/../../../../arm-none-eabi/lib/thumb/v7-m\libc.a(lib_a-atexit.o)
                0x00081e00                atexit
 .text.__libc_fini_array
                0x00081e0c       0x34 c:/program files (x86)/atmel/studio/7.0/toolchain/arm/arm-gnu-toolchain/bin/../lib/gcc/arm-none-eabi/6.3.1/../../../../arm-none-eabi/lib/thumb/v7-m\libc.a(lib_a-fini.o)
                0x00081e0c                __libc_fini_array
 .text.__retarget_lock_acquire_recursive
                0x00081e40        0x4 c:/program files (x86)/atmel/studio/7.0/toolchain/arm/arm-gnu-toolchain/bin/../lib/gcc/arm-none-eabi/6.3.1/../../../../arm-none-eabi/lib/thumb/v7-m\libc.a(lib_a-lock.o)
                0x00081e40                __retarget_lock_acquire_recursive
 .text.__retarget_lock_release_recursive
                0x00081e44        0x4 c:/program files (x86)/atmel/studio/7.0/toolchain/arm/arm-gnu-toolchain/bin/../lib/gcc/arm-none-eabi/6.3.1/../../../../arm-none-eabi/lib/thumb/v7-m\libc.a(lib_a-lock.o)
                0x00081e44                __retarget_lock_release_recursive
 .text.__register_exitproc
                0x00081e48       0xc4 c:/program files (x86)/atmel/studio/7.0/toolchain/arm/arm-gnu-toolchain/bin/../lib/gcc/arm-none-eabi/6.3.1/../../../../arm-none-eabi/lib/thumb/v7-m\libc.a(lib_a-__atexit.o)
                0x00081e48                __register_exitproc
 *(.glue_7t)
 .glue_7t       0x00081f0c        0x0 linker stubs
 *(.glue_7)
 .glue_7        0x00081f0c        0x0 linker stubs
 *(.rodata .rodata* .gnu.linkonce.r.*)
 .rodata.str1.4
                0x00081f0c       0x2b can_interrupt.o
 *fill*         0x00081f37        0x1 
 .rodata.str1.4
                0x00081f38       0x21 main.o
 *fill*         0x00081f59        0x3 
 .rodata.str1.4
                0x00081f5c       0x2d motor.o
 *fill*         0x00081f89        0x3 
 .rodata.str1.4
                0x00081f8c        0x7 printf-stdarg.o
 *fill*         0x00081f93        0x1 
 .rodata.str1.4
                0x00081f94       0x20 uart.o
                                 0x1e (size before relaxing)
 .rodata._global_impure_ptr
                0x00081fb4        0x4 c:/program files (x86)/atmel/studio/7.0/toolchain/arm/arm-gnu-toolchain/bin/../lib/gcc/arm-none-eabi/6.3.1/../../../../arm-none-eabi/lib/thumb/v7-m\libc.a(lib_a-impure.o)
                0x00081fb4                _global_impure_ptr
 *(.ARM.extab* .gnu.linkonce.armextab.*)
                0x00081fb8                . = ALIGN (0x4)
 *(.init)
 .init          0x00081fb8        0x4 c:/program files (x86)/atmel/studio/7.0/toolchain/arm/arm-gnu-toolchain/bin/../lib/gcc/arm-none-eabi/6.3.1/thumb/v7-m/crti.o
                0x00081fb8                _init
 .init          0x00081fbc        0x8 c:/program files (x86)/atmel/studio/7.0/toolchain/arm/arm-gnu-toolchain/bin/../lib/gcc/arm-none-eabi/6.3.1/thumb/v7-m/crtn.o
                0x00081fc4                . = ALIGN (0x4)
                0x00081fc4                __preinit_array_start = .
 *(.preinit_array)
                0x00081fc4                __preinit_array_end = .
                0x00081fc4                . = ALIGN (0x4)
                0x00081fc4                __init_array_start = .
 *(SORT(.init_array.*))
 .init_array.00000
                0x00081fc4        0x4 c:/program files (x86)/atmel/studio/7.0/toolchain/arm/arm-gnu-toolchain/bin/../lib/gcc/arm-none-eabi/6.3.1/../../../../arm-none-eabi/lib/thumb/v7-m\libc.a(lib_a-__call_atexit.o)
 *(.init_array)
 .init_array    0x00081fc8        0x4 c:/program files (x86)/atmel/studio/7.0/toolchain/arm/arm-gnu-toolchain/bin/../lib/gcc/arm-none-eabi/6.3.1/thumb/v7-m/crtbegin.o
                0x00081fcc                __init_array_end = .
                0x00081fcc                . = ALIGN (0x4)
 *crtbegin.o(.ctors)
 *(EXCLUDE_FILE(*crtend.o) .ctors)
 *(SORT(.ctors.*))
 *crtend.o(.ctors)
                0x00081fcc                . = ALIGN (0x4)
 *(.fini)
 .fini          0x00081fcc        0x4 c:/program files (x86)/atmel/studio/7.0/toolchain/arm/arm-gnu-toolchain/bin/../lib/gcc/arm-none-eabi/6.3.1/thumb/v7-m/crti.o
                0x00081fcc                _fini
 .fini          0x00081fd0        0x8 c:/program files (x86)/atmel/studio/7.0/toolchain/arm/arm-gnu-toolchain/bin/../lib/gcc/arm-none-eabi/6.3.1/thumb/v7-m/crtn.o
                0x00081fd8                . = ALIGN (0x4)
                0x00081fd8                __fini_array_start = .
 *(.fini_array)
 .fini_array    0x00081fd8        0x4 c:/program files (x86)/atmel/studio/7.0/toolchain/arm/arm-gnu-toolchain/bin/../lib/gcc/arm-none-eabi/6.3.1/thumb/v7-m/crtbegin.o
 *(SORT(.fini_array.*))
                0x00081fdc                __fini_array_end = .
 *crtbegin.o(.dtors)
 *(EXCLUDE_FILE(*crtend.o) .dtors)
 *(SORT(.dtors.*))
 *crtend.o(.dtors)
                0x00081fdc                . = ALIGN (0x4)
                0x00081fdc                _efixed = .
                [!provide]                PROVIDE (__exidx_start, .)

.vfp11_veneer   0x00081fdc        0x0
 .vfp11_veneer  0x00081fdc        0x0 linker stubs

.v4_bx          0x00081fdc        0x0
 .v4_bx         0x00081fdc        0x0 linker stubs

.iplt           0x00081fdc        0x0
 .iplt          0x00081fdc        0x0 c:/program files (x86)/atmel/studio/7.0/toolchain/arm/arm-gnu-toolchain/bin/../lib/gcc/arm-none-eabi/6.3.1/thumb/v7-m/crtbegin.o

.eh_frame       0x00081fdc        0x0
 .eh_frame      0x00081fdc        0x0 c:/program files (x86)/atmel/studio/7.0/toolchain/arm/arm-gnu-toolchain/bin/../lib/gcc/arm-none-eabi/6.3.1/thumb/v7-m/crtbegin.o

.rel.dyn        0x00081fdc        0x0
 .rel.iplt      0x00081fdc        0x0 c:/program files (x86)/atmel/studio/7.0/toolchain/arm/arm-gnu-toolchain/bin/../lib/gcc/arm-none-eabi/6.3.1/thumb/v7-m/crtbegin.o

.jcr            0x00081fdc        0x0
 .jcr           0x00081fdc        0x0 c:/program files (x86)/atmel/studio/7.0/toolchain/arm/arm-gnu-toolchain/bin/../lib/gcc/arm-none-eabi/6.3.1/thumb/v7-m/crtbegin.o

.igot.plt       0x00081fdc        0x0
 .igot.plt      0x00081fdc        0x0 c:/program files (x86)/atmel/studio/7.0/toolchain/arm/arm-gnu-toolchain/bin/../lib/gcc/arm-none-eabi/6.3.1/thumb/v7-m/crtbegin.o

.ARM.exidx
 *(.ARM.exidx* .gnu.linkonce.armexidx.*)
                [!provide]                PROVIDE (__exidx_end, .)
                0x00081fdc                . = ALIGN (0x4)
                0x00081fdc                _etext = .

.relocate       0x20000000      0x43c load address 0x00081fdc
                0x20000000                . = ALIGN (0x4)
                0x20000000                _srelocate = .
 *(.ramfunc .ramfunc.*)
 *(.data .data.*)
 .data          0x20000000        0x4 Device_Startup/system_sam3xa.o
                0x20000000                SystemCoreClock
 .data          0x20000004        0x8 motor.o
                0x20000004                Kp
                0x20000008                Ki
 *fill*         0x2000000c        0x4 
 .data.impure_data
                0x20000010      0x428 c:/program files (x86)/atmel/studio/7.0/toolchain/arm/arm-gnu-toolchain/bin/../lib/gcc/arm-none-eabi/6.3.1/../../../../arm-none-eabi/lib/thumb/v7-m\libc.a(lib_a-impure.o)
 .data.__atexit_recursive_mutex
                0x20000438        0x4 c:/program files (x86)/atmel/studio/7.0/toolchain/arm/arm-gnu-toolchain/bin/../lib/gcc/arm-none-eabi/6.3.1/../../../../arm-none-eabi/lib/thumb/v7-m\libc.a(lib_a-__call_atexit.o)
                0x20000438                __atexit_recursive_mutex
                0x2000043c                . = ALIGN (0x4)
                0x2000043c                _erelocate = .

.bss            0x2000043c       0xa0 load address 0x00082418
                0x2000043c                . = ALIGN (0x4)
                0x2000043c                _sbss = .
                0x2000043c                _szero = .
 *(.bss .bss.*)
 .bss           0x2000043c       0x1c c:/program files (x86)/atmel/studio/7.0/toolchain/arm/arm-gnu-toolchain/bin/../lib/gcc/arm-none-eabi/6.3.1/thumb/v7-m/crtbegin.o
 .bss           0x20000458        0x4 motor.o
                0x20000458                integral
 *(COMMON)
 COMMON         0x2000045c       0x18 can_interrupt.o
                0x2000045c                should_shoot
                0x20000460                joystick_y
                0x20000464                motor_write_speed
                0x20000468                joystick_x
                0x2000046c                servo_period
                0x20000470                motor_enabled
 COMMON         0x20000474       0x42 uart.o
                0x20000474                rx_buffer
 *fill*         0x200004b6        0x2 
 COMMON         0x200004b8       0x21 c:/program files (x86)/atmel/studio/7.0/toolchain/arm/arm-gnu-toolchain/bin/../lib/gcc/arm-none-eabi/6.3.1/../../../../arm-none-eabi/lib/thumb/v7-m\libc.a(lib_a-lock.o)
                0x200004b8                __lock___atexit_recursive_mutex
                0x200004bc                __lock___arc4random_mutex
                0x200004c0                __lock___env_recursive_mutex
                0x200004c4                __lock___sinit_recursive_mutex
                0x200004c8                __lock___malloc_recursive_mutex
                0x200004cc                __lock___at_quick_exit_mutex
                0x200004d0                __lock___dd_hash_mutex
                0x200004d4                __lock___tz_mutex
                0x200004d8                __lock___sfp_recursive_mutex
                0x200004dc                . = ALIGN (0x4)
 *fill*         0x200004d9        0x3 
                0x200004dc                _ebss = .
                0x200004dc                _ezero = .

.stack          0x200004dc      0x404 load address 0x000824b8
                0x200004e0                . = ALIGN (0x8)
 *fill*         0x200004dc        0x4 
                0x200004e0                _sstack = .
                0x200008e0                . = (. + STACK_SIZE)
 *fill*         0x200004e0      0x400 
                0x200008e0                . = ALIGN (0x8)
                0x200008e0                _estack = .

.heap           0x200008e0      0x200 load address 0x000828bc
                0x200008e0                . = ALIGN (0x8)
                0x200008e0                _sheap = .
                0x20000ae0                . = (. + HEAP_SIZE)
 *fill*         0x200008e0      0x200 
                0x20000ae0                . = ALIGN (0x8)
                0x20000ae0                _eheap = .
                0x20000ae0                . = ALIGN (0x4)
                0x20000ae0                _end = .
                0x20017fff                _ram_end_ = ((ORIGIN (ram) + LENGTH (ram)) - 0x1)
OUTPUT(node_2.elf elf32-littlearm)

.ARM.attributes
                0x00000000       0x29
 .ARM.attributes
                0x00000000       0x1d c:/program files (x86)/atmel/studio/7.0/toolchain/arm/arm-gnu-toolchain/bin/../lib/gcc/arm-none-eabi/6.3.1/thumb/v7-m/crti.o
 .ARM.attributes
                0x0000001d       0x2d c:/program files (x86)/atmel/studio/7.0/toolchain/arm/arm-gnu-toolchain/bin/../lib/gcc/arm-none-eabi/6.3.1/thumb/v7-m/crtbegin.o
 .ARM.attributes
                0x0000004a       0x33 adc.o
 .ARM.attributes
                0x0000007d       0x33 can_controller.o
 .ARM.attributes
                0x000000b0       0x33 can_interrupt.o
 .ARM.attributes
                0x000000e3       0x33 dac.o
 .ARM.attributes
                0x00000116       0x33 delay.o
 .ARM.attributes
                0x00000149       0x33 Device_Startup/startup_sam3xa.o
 .ARM.attributes
                0x0000017c       0x33 Device_Startup/system_sam3xa.o
 .ARM.attributes
                0x000001af       0x33 main.o
 .ARM.attributes
                0x000001e2       0x33 motor.o
 .ARM.attributes
                0x00000215       0x33 printf-stdarg.o
 .ARM.attributes
                0x00000248       0x33 pwm.o
 .ARM.attributes
                0x0000027b       0x33 uart.o
 .ARM.attributes
                0x000002ae       0x1d c:/program files (x86)/atmel/studio/7.0/toolchain/arm/arm-gnu-toolchain/bin/../lib/gcc/arm-none-eabi/6.3.1/thumb/v7-m\libgcc.a(_arm_addsubdf3.o)
 .ARM.attributes
                0x000002cb       0x1d c:/program files (x86)/atmel/studio/7.0/toolchain/arm/arm-gnu-toolchain/bin/../lib/gcc/arm-none-eabi/6.3.1/thumb/v7-m\libgcc.a(_arm_muldivdf3.o)
 .ARM.attributes
                0x000002e8       0x1d c:/program files (x86)/atmel/studio/7.0/toolchain/arm/arm-gnu-toolchain/bin/../lib/gcc/arm-none-eabi/6.3.1/thumb/v7-m\libgcc.a(_arm_truncdfsf2.o)
 .ARM.attributes
                0x00000305       0x1d c:/program files (x86)/atmel/studio/7.0/toolchain/arm/arm-gnu-toolchain/bin/../lib/gcc/arm-none-eabi/6.3.1/thumb/v7-m\libgcc.a(_arm_addsubsf3.o)
 .ARM.attributes
                0x00000322       0x1d c:/program files (x86)/atmel/studio/7.0/toolchain/arm/arm-gnu-toolchain/bin/../lib/gcc/arm-none-eabi/6.3.1/thumb/v7-m\libgcc.a(_arm_muldivsf3.o)
 .ARM.attributes
                0x0000033f       0x1d c:/program files (x86)/atmel/studio/7.0/toolchain/arm/arm-gnu-toolchain/bin/../lib/gcc/arm-none-eabi/6.3.1/thumb/v7-m\libgcc.a(_arm_cmpsf2.o)
 .ARM.attributes
                0x0000035c       0x1d c:/program files (x86)/atmel/studio/7.0/toolchain/arm/arm-gnu-toolchain/bin/../lib/gcc/arm-none-eabi/6.3.1/thumb/v7-m\libgcc.a(_arm_fixsfsi.o)
 .ARM.attributes
                0x00000379       0x1d c:/program files (x86)/atmel/studio/7.0/toolchain/arm/arm-gnu-toolchain/bin/../lib/gcc/arm-none-eabi/6.3.1/thumb/v7-m\libgcc.a(_arm_fixunssfsi.o)
 .ARM.attributes
                0x00000396       0x2d c:/program files (x86)/atmel/studio/7.0/toolchain/arm/arm-gnu-toolchain/bin/../lib/gcc/arm-none-eabi/6.3.1/../../../../arm-none-eabi/lib/thumb/v7-m\libc.a(lib_a-impure.o)
 .ARM.attributes
                0x000003c3       0x2d c:/program files (x86)/atmel/studio/7.0/toolchain/arm/arm-gnu-toolchain/bin/../lib/gcc/arm-none-eabi/6.3.1/../../../../arm-none-eabi/lib/thumb/v7-m\libc.a(lib_a-init.o)
 .ARM.attributes
                0x000003f0       0x2d c:/program files (x86)/atmel/studio/7.0/toolchain/arm/arm-gnu-toolchain/bin/../lib/gcc/arm-none-eabi/6.3.1/../../../../arm-none-eabi/lib/thumb/v7-m\libc.a(lib_a-__call_atexit.o)
 .ARM.attributes
                0x0000041d       0x2d c:/program files (x86)/atmel/studio/7.0/toolchain/arm/arm-gnu-toolchain/bin/../lib/gcc/arm-none-eabi/6.3.1/../../../../arm-none-eabi/lib/thumb/v7-m\libc.a(lib_a-atexit.o)
 .ARM.attributes
                0x0000044a       0x2d c:/program files (x86)/atmel/studio/7.0/toolchain/arm/arm-gnu-toolchain/bin/../lib/gcc/arm-none-eabi/6.3.1/../../../../arm-none-eabi/lib/thumb/v7-m\libc.a(lib_a-fini.o)
 .ARM.attributes
                0x00000477       0x2d c:/program files (x86)/atmel/studio/7.0/toolchain/arm/arm-gnu-toolchain/bin/../lib/gcc/arm-none-eabi/6.3.1/../../../../arm-none-eabi/lib/thumb/v7-m\libc.a(lib_a-lock.o)
 .ARM.attributes
                0x000004a4       0x2d c:/program files (x86)/atmel/studio/7.0/toolchain/arm/arm-gnu-toolchain/bin/../lib/gcc/arm-none-eabi/6.3.1/../../../../arm-none-eabi/lib/thumb/v7-m\libc.a(lib_a-__atexit.o)
 .ARM.attributes
                0x000004d1       0x1d c:/program files (x86)/atmel/studio/7.0/toolchain/arm/arm-gnu-toolchain/bin/../lib/gcc/arm-none-eabi/6.3.1/thumb/v7-m/crtn.o

.comment        0x00000000       0x59
 .comment       0x00000000       0x59 adc.o
                                 0x5a (size before relaxing)
 .comment       0x00000059       0x5a can_controller.o
 .comment       0x00000059       0x5a can_interrupt.o
 .comment       0x00000059       0x5a dac.o
 .comment       0x00000059       0x5a delay.o
 .comment       0x00000059       0x5a Device_Startup/startup_sam3xa.o
 .comment       0x00000059       0x5a Device_Startup/system_sam3xa.o
 .comment       0x00000059       0x5a main.o
 .comment       0x00000059       0x5a motor.o
 .comment       0x00000059       0x5a printf-stdarg.o
 .comment       0x00000059       0x5a pwm.o
 .comment       0x00000059       0x5a uart.o

.debug_info     0x00000000     0x849b
 .debug_info    0x00000000      0x5c4 adc.o
 .debug_info    0x000005c4      0xd68 can_controller.o
 .debug_info    0x0000132c     0x1097 can_interrupt.o
 .debug_info    0x000023c3      0x5ad dac.o
 .debug_info    0x00002970      0xa8f delay.o
 .debug_info    0x000033ff      0x74e Device_Startup/startup_sam3xa.o
 .debug_info    0x00003b4d      0x444 Device_Startup/system_sam3xa.o
 .debug_info    0x00003f91     0x130b main.o
 .debug_info    0x0000529c     0x1396 motor.o
 .debug_info    0x00006632      0x60b printf-stdarg.o
 .debug_info    0x00006c3d      0xc13 pwm.o
 .debug_info    0x00007850      0xc4b uart.o

.debug_abbrev   0x00000000     0x1585
 .debug_abbrev  0x00000000       0xd5 adc.o
 .debug_abbrev  0x000000d5      0x212 can_controller.o
 .debug_abbrev  0x000002e7      0x2dd can_interrupt.o
 .debug_abbrev  0x000005c4      0x122 dac.o
 .debug_abbrev  0x000006e6      0x1dc delay.o
 .debug_abbrev  0x000008c2      0x153 Device_Startup/startup_sam3xa.o
 .debug_abbrev  0x00000a15      0x102 Device_Startup/system_sam3xa.o
 .debug_abbrev  0x00000b17      0x266 main.o
 .debug_abbrev  0x00000d7d      0x2fb motor.o
 .debug_abbrev  0x00001078      0x194 printf-stdarg.o
 .debug_abbrev  0x0000120c      0x13e pwm.o
 .debug_abbrev  0x0000134a      0x23b uart.o

.debug_aranges  0x00000000      0x248
 .debug_aranges
                0x00000000       0x28 adc.o
 .debug_aranges
                0x00000028       0x38 can_controller.o
 .debug_aranges
                0x00000060       0x20 can_interrupt.o
 .debug_aranges
                0x00000080       0x28 dac.o
 .debug_aranges
                0x000000a8       0x28 delay.o
 .debug_aranges
                0x000000d0       0x28 Device_Startup/startup_sam3xa.o
 .debug_aranges
                0x000000f8       0x30 Device_Startup/system_sam3xa.o
 .debug_aranges
                0x00000128       0x20 main.o
 .debug_aranges
                0x00000148       0x48 motor.o
 .debug_aranges
                0x00000190       0x50 printf-stdarg.o
 .debug_aranges
                0x000001e0       0x30 pwm.o
 .debug_aranges
                0x00000210       0x38 uart.o

.debug_ranges   0x00000000      0x1b8
 .debug_ranges  0x00000000       0x18 adc.o
 .debug_ranges  0x00000018       0x28 can_controller.o
 .debug_ranges  0x00000040       0x28 can_interrupt.o
 .debug_ranges  0x00000068       0x18 dac.o
 .debug_ranges  0x00000080       0x18 delay.o
 .debug_ranges  0x00000098       0x18 Device_Startup/startup_sam3xa.o
 .debug_ranges  0x000000b0       0x20 Device_Startup/system_sam3xa.o
 .debug_ranges  0x000000d0       0x10 main.o
 .debug_ranges  0x000000e0       0x38 motor.o
 .debug_ranges  0x00000118       0x58 printf-stdarg.o
 .debug_ranges  0x00000170       0x20 pwm.o
 .debug_ranges  0x00000190       0x28 uart.o

.debug_macro    0x00000000    0x13db0
 .debug_macro   0x00000000      0x37b adc.o
 .debug_macro   0x0000037b      0x8b0 adc.o
 .debug_macro   0x00000c2b       0x22 adc.o
 .debug_macro   0x00000c4d       0x87 adc.o
 .debug_macro   0x00000cd4       0x51 adc.o
 .debug_macro   0x00000d25       0xef adc.o
 .debug_macro   0x00000e14       0x6a adc.o
 .debug_macro   0x00000e7e      0x1df adc.o
 .debug_macro   0x0000105d       0x20 adc.o
 .debug_macro   0x0000107d       0x1c adc.o
 .debug_macro   0x00001099       0x22 adc.o
 .debug_macro   0x000010bb       0xc3 adc.o
 .debug_macro   0x0000117e      0xe49 adc.o
 .debug_macro   0x00001fc7      0x11f adc.o
 .debug_macro   0x000020e6      0xa7d adc.o
 .debug_macro   0x00002b63      0x55a adc.o
 .debug_macro   0x000030bd      0x1a8 adc.o
 .debug_macro   0x00003265      0x30b adc.o
 .debug_macro   0x00003570      0x709 adc.o
 .debug_macro   0x00003c79       0xd6 adc.o
 .debug_macro   0x00003d4f      0x56c adc.o
 .debug_macro   0x000042bb       0x1c adc.o
 .debug_macro   0x000042d7      0x678 adc.o
 .debug_macro   0x0000494f      0x51e adc.o
 .debug_macro   0x00004e6d       0xbe adc.o
 .debug_macro   0x00004f2b     0x2333 adc.o
 .debug_macro   0x0000725e      0x7d1 adc.o
 .debug_macro   0x00007a2f      0xdbb adc.o
 .debug_macro   0x000087ea       0x9a adc.o
 .debug_macro   0x00008884      0x29c adc.o
 .debug_macro   0x00008b20       0x58 adc.o
 .debug_macro   0x00008b78      0x999 adc.o
 .debug_macro   0x00009511      0x22d adc.o
 .debug_macro   0x0000973e      0x4b4 adc.o
 .debug_macro   0x00009bf2      0x64a adc.o
 .debug_macro   0x0000a23c      0x590 adc.o
 .debug_macro   0x0000a7cc       0x46 adc.o
 .debug_macro   0x0000a812      0x33f adc.o
 .debug_macro   0x0000ab51      0x27e adc.o
 .debug_macro   0x0000adcf     0x14dc adc.o
 .debug_macro   0x0000c2ab      0x7cf adc.o
 .debug_macro   0x0000ca7a       0x76 adc.o
 .debug_macro   0x0000caf0       0x82 adc.o
 .debug_macro   0x0000cb72       0x76 adc.o
 .debug_macro   0x0000cbe8       0x4c adc.o
 .debug_macro   0x0000cc34      0x100 adc.o
 .debug_macro   0x0000cd34      0x100 adc.o
 .debug_macro   0x0000ce34      0x100 adc.o
 .debug_macro   0x0000cf34       0x88 adc.o
 .debug_macro   0x0000cfbc       0x88 adc.o
 .debug_macro   0x0000d044      0x3b4 adc.o
 .debug_macro   0x0000d3f8       0xbe adc.o
 .debug_macro   0x0000d4b6       0xbe adc.o
 .debug_macro   0x0000d574       0xbe adc.o
 .debug_macro   0x0000d632       0xbe adc.o
 .debug_macro   0x0000d6f0      0x2b8 adc.o
 .debug_macro   0x0000d9a8      0x118 adc.o
 .debug_macro   0x0000dac0      0x216 adc.o
 .debug_macro   0x0000dcd6      0x216 adc.o
 .debug_macro   0x0000deec       0x2e adc.o
 .debug_macro   0x0000df1a       0xac adc.o
 .debug_macro   0x0000dfc6      0x13e adc.o
 .debug_macro   0x0000e104       0x7c adc.o
 .debug_macro   0x0000e180      0x1f6 adc.o
 .debug_macro   0x0000e376       0x64 adc.o
 .debug_macro   0x0000e3da       0xa6 adc.o
 .debug_macro   0x0000e480       0x7c adc.o
 .debug_macro   0x0000e4fc       0x16 adc.o
 .debug_macro   0x0000e512       0x22 adc.o
 .debug_macro   0x0000e534       0x22 adc.o
 .debug_macro   0x0000e556      0x10c adc.o
 .debug_macro   0x0000e662      0x10c adc.o
 .debug_macro   0x0000e76e      0x10c adc.o
 .debug_macro   0x0000e87a      0x10c adc.o
 .debug_macro   0x0000e986       0x1c adc.o
 .debug_macro   0x0000e9a2       0x2e adc.o
 .debug_macro   0x0000e9d0       0x22 adc.o
 .debug_macro   0x0000e9f2       0x1c adc.o
 .debug_macro   0x0000ea0e       0x58 adc.o
 .debug_macro   0x0000ea66       0x10 adc.o
 .debug_macro   0x0000ea76      0x27a adc.o
 .debug_macro   0x0000ecf0      0xd34 adc.o
 .debug_macro   0x0000fa24      0x170 adc.o
 .debug_macro   0x0000fb94      0x37f can_controller.o
 .debug_macro   0x0000ff13       0x26 can_controller.o
 .debug_macro   0x0000ff39      0x516 can_interrupt.o
 .debug_macro   0x0001044f       0x52 can_interrupt.o
 .debug_macro   0x000104a1       0x8d can_interrupt.o
 .debug_macro   0x0001052e       0x35 can_interrupt.o
 .debug_macro   0x00010563       0x9c can_interrupt.o
 .debug_macro   0x000105ff       0x16 can_interrupt.o
 .debug_macro   0x00010615       0x57 can_interrupt.o
 .debug_macro   0x0001066c       0x97 can_interrupt.o
 .debug_macro   0x00010703      0x353 can_interrupt.o
 .debug_macro   0x00010a56       0xf6 can_interrupt.o
 .debug_macro   0x00010b4c       0x10 can_interrupt.o
 .debug_macro   0x00010b5c       0x58 can_interrupt.o
 .debug_macro   0x00010bb4       0x1f can_interrupt.o
 .debug_macro   0x00010bd3       0x43 can_interrupt.o
 .debug_macro   0x00010c16       0x20 can_interrupt.o
 .debug_macro   0x00010c36      0x187 can_interrupt.o
 .debug_macro   0x00010dbd       0x10 can_interrupt.o
 .debug_macro   0x00010dcd       0x1c can_interrupt.o
 .debug_macro   0x00010de9       0x52 can_interrupt.o
 .debug_macro   0x00010e3b       0x40 can_interrupt.o
 .debug_macro   0x00010e7b       0x10 can_interrupt.o
 .debug_macro   0x00010e8b       0x40 can_interrupt.o
 .debug_macro   0x00010ecb       0xd7 can_interrupt.o
 .debug_macro   0x00010fa2       0x16 can_interrupt.o
 .debug_macro   0x00010fb8      0x18b can_interrupt.o
 .debug_macro   0x00011143       0xbd can_interrupt.o
 .debug_macro   0x00011200       0x10 can_interrupt.o
 .debug_macro   0x00011210      0x1e1 can_interrupt.o
 .debug_macro   0x000113f1       0x10 can_interrupt.o
 .debug_macro   0x00011401      0x384 dac.o
 .debug_macro   0x00011785      0x4e6 delay.o
 .debug_macro   0x00011c6b       0x58 delay.o
 .debug_macro   0x00011cc3      0x34d delay.o
 .debug_macro   0x00012010       0x10 delay.o
 .debug_macro   0x00012020       0x35 delay.o
 .debug_macro   0x00012055      0x45d delay.o
 .debug_macro   0x000124b2      0x371 Device_Startup/startup_sam3xa.o
 .debug_macro   0x00012823      0x383 Device_Startup/system_sam3xa.o
 .debug_macro   0x00012ba6      0x46c main.o
 .debug_macro   0x00013012       0x1c main.o
 .debug_macro   0x0001302e      0x16d main.o
 .debug_macro   0x0001319b      0x41f motor.o
 .debug_macro   0x000135ba       0x8d printf-stdarg.o
 .debug_macro   0x00013647       0x58 printf-stdarg.o
 .debug_macro   0x0001369f       0x16 printf-stdarg.o
 .debug_macro   0x000136b5      0x387 pwm.o
 .debug_macro   0x00013a3c      0x374 uart.o

.debug_line     0x00000000     0x581d
 .debug_line    0x00000000      0x70b adc.o
 .debug_line    0x0000070b      0x7de can_controller.o
 .debug_line    0x00000ee9      0x8bc can_interrupt.o
 .debug_line    0x000017a5      0x712 dac.o
 .debug_line    0x00001eb7      0x847 delay.o
 .debug_line    0x000026fe      0x728 Device_Startup/startup_sam3xa.o
 .debug_line    0x00002e26      0x785 Device_Startup/system_sam3xa.o
 .debug_line    0x000035ab      0x80d main.o
 .debug_line    0x00003db8      0x810 motor.o
 .debug_line    0x000045c8      0x3cb printf-stdarg.o
 .debug_line    0x00004993      0x721 pwm.o
 .debug_line    0x000050b4      0x769 uart.o

.debug_str      0x00000000    0x56ded
 .debug_str     0x00000000    0x5001f adc.o
                              0x501bd (size before relaxing)
 .debug_str     0x0005001f      0x5fb can_controller.o
                              0x506e2 (size before relaxing)
 .debug_str     0x0005061a     0x49ec can_interrupt.o
                              0x54e8a (size before relaxing)
 .debug_str     0x00055006       0xe9 dac.o
                              0x501d0 (size before relaxing)
 .debug_str     0x000550ef     0x108b delay.o
                              0x55136 (size before relaxing)
 .debug_str     0x0005617a      0x506 Device_Startup/startup_sam3xa.o
                              0x504b5 (size before relaxing)
 .debug_str     0x00056680      0x195 Device_Startup/system_sam3xa.o
                              0x50248 (size before relaxing)
 .debug_str     0x00056815       0xb0 main.o
                              0x53cdb (size before relaxing)
 .debug_str     0x000568c5       0x62 motor.o
                              0x53bd7 (size before relaxing)
 .debug_str     0x00056927      0x17a printf-stdarg.o
                               0x365a (size before relaxing)
 .debug_str     0x00056aa1      0x249 pwm.o
                              0x5050b (size before relaxing)
 .debug_str     0x00056cea      0x103 uart.o
                              0x506b1 (size before relaxing)

.debug_frame    0x00000000      0x8e8
 .debug_frame   0x00000000       0x30 adc.o
 .debug_frame   0x00000030       0x80 can_controller.o
 .debug_frame   0x000000b0       0x30 can_interrupt.o
 .debug_frame   0x000000e0       0x38 dac.o
 .debug_frame   0x00000118       0x30 delay.o
 .debug_frame   0x00000148       0x38 Device_Startup/startup_sam3xa.o
 .debug_frame   0x00000180       0x40 Device_Startup/system_sam3xa.o
 .debug_frame   0x000001c0       0x2c main.o
 .debug_frame   0x000001ec       0xb4 motor.o
 .debug_frame   0x000002a0      0x124 printf-stdarg.o
 .debug_frame   0x000003c4       0x58 pwm.o
 .debug_frame   0x0000041c       0x58 uart.o
 .debug_frame   0x00000474       0xac c:/program files (x86)/atmel/studio/7.0/toolchain/arm/arm-gnu-toolchain/bin/../lib/gcc/arm-none-eabi/6.3.1/thumb/v7-m\libgcc.a(_arm_addsubdf3.o)
 .debug_frame   0x00000520       0x50 c:/program files (x86)/atmel/studio/7.0/toolchain/arm/arm-gnu-toolchain/bin/../lib/gcc/arm-none-eabi/6.3.1/thumb/v7-m\libgcc.a(_arm_muldivdf3.o)
 .debug_frame   0x00000570       0x24 c:/program files (x86)/atmel/studio/7.0/toolchain/arm/arm-gnu-toolchain/bin/../lib/gcc/arm-none-eabi/6.3.1/thumb/v7-m\libgcc.a(_arm_truncdfsf2.o)
 .debug_frame   0x00000594       0x4c c:/program files (x86)/atmel/studio/7.0/toolchain/arm/arm-gnu-toolchain/bin/../lib/gcc/arm-none-eabi/6.3.1/thumb/v7-m\libgcc.a(_arm_addsubsf3.o)
 .debug_frame   0x000005e0       0x38 c:/program files (x86)/atmel/studio/7.0/toolchain/arm/arm-gnu-toolchain/bin/../lib/gcc/arm-none-eabi/6.3.1/thumb/v7-m\libgcc.a(_arm_muldivsf3.o)
 .debug_frame   0x00000618       0xc8 c:/program files (x86)/atmel/studio/7.0/toolchain/arm/arm-gnu-toolchain/bin/../lib/gcc/arm-none-eabi/6.3.1/thumb/v7-m\libgcc.a(_arm_cmpsf2.o)
 .debug_frame   0x000006e0       0x24 c:/program files (x86)/atmel/studio/7.0/toolchain/arm/arm-gnu-toolchain/bin/../lib/gcc/arm-none-eabi/6.3.1/thumb/v7-m\libgcc.a(_arm_fixsfsi.o)
 .debug_frame   0x00000704       0x24 c:/program files (x86)/atmel/studio/7.0/toolchain/arm/arm-gnu-toolchain/bin/../lib/gcc/arm-none-eabi/6.3.1/thumb/v7-m\libgcc.a(_arm_fixunssfsi.o)
 .debug_frame   0x00000728       0x2c c:/program files (x86)/atmel/studio/7.0/toolchain/arm/arm-gnu-toolchain/bin/../lib/gcc/arm-none-eabi/6.3.1/../../../../arm-none-eabi/lib/thumb/v7-m\libc.a(lib_a-init.o)
 .debug_frame   0x00000754       0x5c c:/program files (x86)/atmel/studio/7.0/toolchain/arm/arm-gnu-toolchain/bin/../lib/gcc/arm-none-eabi/6.3.1/../../../../arm-none-eabi/lib/thumb/v7-m\libc.a(lib_a-__call_atexit.o)
 .debug_frame   0x000007b0       0x20 c:/program files (x86)/atmel/studio/7.0/toolchain/arm/arm-gnu-toolchain/bin/../lib/gcc/arm-none-eabi/6.3.1/../../../../arm-none-eabi/lib/thumb/v7-m\libc.a(lib_a-atexit.o)
 .debug_frame   0x000007d0       0x34 c:/program files (x86)/atmel/studio/7.0/toolchain/arm/arm-gnu-toolchain/bin/../lib/gcc/arm-none-eabi/6.3.1/../../../../arm-none-eabi/lib/thumb/v7-m\libc.a(lib_a-fini.o)
 .debug_frame   0x00000804       0xb0 c:/program files (x86)/atmel/studio/7.0/toolchain/arm/arm-gnu-toolchain/bin/../lib/gcc/arm-none-eabi/6.3.1/../../../../arm-none-eabi/lib/thumb/v7-m\libc.a(lib_a-lock.o)
 .debug_frame   0x000008b4       0x34 c:/program files (x86)/atmel/studio/7.0/toolchain/arm/arm-gnu-toolchain/bin/../lib/gcc/arm-none-eabi/6.3.1/../../../../arm-none-eabi/lib/thumb/v7-m\libc.a(lib_a-__atexit.o)

.debug_loc      0x00000000     0x110b
 .debug_loc     0x00000000      0x2b5 can_controller.o
 .debug_loc     0x000002b5       0xb0 can_interrupt.o
 .debug_loc     0x00000365       0x20 dac.o
 .debug_loc     0x00000385       0x82 delay.o
 .debug_loc     0x00000407       0x78 Device_Startup/startup_sam3xa.o
 .debug_loc     0x0000047f       0x9f main.o
 .debug_loc     0x0000051e      0x1cc motor.o
 .debug_loc     0x000006ea      0x8d2 printf-stdarg.o
 .debug_loc     0x00000fbc       0x81 pwm.o
 .debug_loc     0x0000103d       0xce uart.o
